2026-07-02T15:23:46 (enh_sepreformer.sh:204:main) ./enh_sepreformer.sh --train_set tr_mix_clean_reverb_min_8k --valid_set cv_mix_clean_reverb_min_8k --test_sets tt_mix_clean_reverb_min_8k --fs 8k --ngpu 1 --ref_num 2 --local_data_opts --sample_rate 8k --min_or_max min --enh_config ./conf/tuning/train_enh_sepreformer_base.yaml --enh_exp exp/enh_train_enh_sepreformer_base_clean_reverb_bs8_scratch --use_dereverb_ref false --use_noise_ref false --inference_model valid.loss.best.pth --audio_format wav --dumpdir dump_rir_clean --stage 6 --stop_stage 8
2026-07-02T15:23:46 (enh_sepreformer.sh:668:main) Stage 6: Enhancemnt Frontend Training: train_set=dump_rir_clean/raw/tr_mix_clean_reverb_min_8k, valid_set=dump_rir_clean/raw/cv_mix_clean_reverb_min_8k
2026-07-02T15:23:46 (enh_sepreformer.sh:763:main) Generate 'exp/enh_train_enh_sepreformer_base_clean_reverb_bs8_scratch/run.sh'. You can resume the process from stage 6 using this script
2026-07-02T15:23:46 (enh_sepreformer.sh:766:main) enh training started... log: 'exp/enh_train_enh_sepreformer_base_clean_reverb_bs8_scratch/train.log'
2026-07-02 15:23:47,337 (launch:94) INFO: /home/kslab/nitsu/.conda/envs/tf-locoformer/bin/python3 /net/midgar/work2/nitsu/learning/tf-locoformer/espnet/espnet2/bin/launch.py --cmd 'run.pl --name exp/enh_train_enh_sepreformer_base_clean_reverb_bs8_scratch/train.log' --log exp/enh_train_enh_sepreformer_base_clean_reverb_bs8_scratch/train.log --ngpu 1 --num_nodes 1 --init_file_prefix exp/enh_train_enh_sepreformer_base_clean_reverb_bs8_scratch/.dist_init_ --multiprocessing_distributed true -- python3 -m espnet2.bin.enh_sepreformer_train --train_data_path_and_name_and_type dump_rir_clean/raw/tr_mix_clean_reverb_min_8k/wav.scp,speech_mix,sound --train_data_path_and_name_and_type dump_rir_clean/raw/tr_mix_clean_reverb_min_8k/spk1.scp,speech_ref1,sound --train_data_path_and_name_and_type dump_rir_clean/raw/tr_mix_clean_reverb_min_8k/spk2.scp,speech_ref2,sound --valid_data_path_and_name_and_type dump_rir_clean/raw/cv_mix_clean_reverb_min_8k/wav.scp,speech_mix,sound --valid_data_path_and_name_and_type dump_rir_clean/raw/cv_mix_clean_reverb_min_8k/spk1.scp,speech_ref1,sound --valid_data_path_and_name_and_type dump_rir_clean/raw/cv_mix_clean_reverb_min_8k/spk2.scp,speech_ref2,sound --train_shape_file exp/enh_stats_8k/train/speech_mix_shape --train_shape_file exp/enh_stats_8k/train/speech_ref1_shape --train_shape_file exp/enh_stats_8k/train/speech_ref2_shape --valid_shape_file exp/enh_stats_8k/valid/speech_mix_shape --valid_shape_file exp/enh_stats_8k/valid/speech_ref1_shape --valid_shape_file exp/enh_stats_8k/valid/speech_ref2_shape --fold_length 80000 --fold_length 80000 --fold_length 80000 --resume true --output_dir exp/enh_train_enh_sepreformer_base_clean_reverb_bs8_scratch --config ./conf/tuning/train_enh_sepreformer_base.yaml
2026-07-02 15:23:47,600 (launch:348) INFO: log file: exp/enh_train_enh_sepreformer_base_clean_reverb_bs8_scratch/train.log
2026-07-11T18:32:04 (enh_sepreformer.sh:805:main) Stage 7: Enhance Speech: training_dir=exp/enh_train_enh_sepreformer_base_clean_reverb_bs8_scratch
2026-07-11T18:32:04 (enh_sepreformer.sh:815:main) Generate 'exp/enh_train_enh_sepreformer_base_clean_reverb_bs8_scratch/run_enhance.sh'. You can resume the process from stage 7 using this script
2026-07-11T18:32:04 (enh_sepreformer.sh:851:main) Enhancement started... log: 'exp/enh_train_enh_sepreformer_base_clean_reverb_bs8_scratch/enhanced_cv_mix_clean_reverb_min_8k/logdir/enh_inference.*.log'
2026-07-11T19:08:34 (enh_sepreformer.sh:851:main) Enhancement started... log: 'exp/enh_train_enh_sepreformer_base_clean_reverb_bs8_scratch/enhanced_tt_mix_clean_reverb_min_8k/logdir/enh_inference.*.log'
2026-07-11T19:33:39 (enh_sepreformer.sh:888:main) Stage 8: Scoring
2026-07-11T19:33:39 (enh_sepreformer.sh:945:main) Scoring started... log: 'dump_rir_clean/raw/cv_mix_clean_reverb_min_8k/scoring/logdir/enh_scoring.*.log'
2026-07-11T19:35:05 (enh_sepreformer.sh:945:main) Scoring started... log: 'dump_rir_clean/raw/tt_mix_clean_reverb_min_8k/scoring/logdir/enh_scoring.*.log'
2026-07-11T19:36:04 (enh_sepreformer.sh:945:main) Scoring started... log: 'exp/enh_train_enh_sepreformer_base_clean_reverb_bs8_scratch/enhanced_cv_mix_clean_reverb_min_8k/scoring/logdir/enh_scoring.*.log'
2026-07-11T19:37:28 (enh_sepreformer.sh:945:main) Scoring started... log: 'exp/enh_train_enh_sepreformer_base_clean_reverb_bs8_scratch/enhanced_tt_mix_clean_reverb_min_8k/scoring/logdir/enh_scoring.*.log'
2026-07-11T19:38:36 (enh_sepreformer.sh:978:main) Evaluation result for observation: dump_rir_clean/raw/RESULTS.md
2026-07-11T19:38:36 (enh_sepreformer.sh:979:main) Evaluation result for enhancement: exp/enh_train_enh_sepreformer_base_clean_reverb_bs8_scratch/RESULTS.md
2026-07-11T19:38:36 (enh_sepreformer.sh:1208:main) Skip the stages for scoring with asr
2026-07-11T19:38:36 (enh_sepreformer.sh:1227:main) Skip the packing stage
2026-07-11T19:38:36 (enh_sepreformer.sh:1284:main) Skip the uploading to HuggingFace stage
2026-07-11T19:38:36 (enh_sepreformer.sh:1287:main) Successfully finished. [elapsed=792890s]
