# python create_wham_from_scratch_dif_position_dm.py --wsj0-root /net/midgar/work/nitsu/learning/tf-locoformer/espnet/egs2/whamr/se1/data_dif_position/wsj0/wsj0_wav --wham-noise-root /net/midgar/work/nitsu/data/wsj/wham_noise --output-dir /net/midgar/work/nitsu/learning/tf-locoformer/espnet/egs2/whamr/se1/data_dif_position/whamr/2speakers 
# Started at Mon Jan 19 17:49:41 JST 2026
#
Completed 500 of 20000 utterances
Completed 1000 of 20000 utterances
Completed 1500 of 20000 utterances
Completed 2000 of 20000 utterances
Completed 2500 of 20000 utterances
Completed 3000 of 20000 utterances
Completed 3500 of 20000 utterances
Completed 4000 of 20000 utterances
Completed 4500 of 20000 utterances
Completed 5000 of 20000 utterances
Completed 5500 of 20000 utterances
Completed 6000 of 20000 utterances
Completed 6500 of 20000 utterances
Completed 7000 of 20000 utterances
Completed 7500 of 20000 utterances
Completed 8000 of 20000 utterances
Completed 8500 of 20000 utterances
Completed 9000 of 20000 utterances
Completed 9500 of 20000 utterances
Completed 10000 of 20000 utterances
Completed 10500 of 20000 utterances
Completed 11000 of 20000 utterances
Completed 11500 of 20000 utterances
Completed 12000 of 20000 utterances
Completed 12500 of 20000 utterances
Completed 13000 of 20000 utterances
Completed 13500 of 20000 utterances
Completed 14000 of 20000 utterances
Completed 14500 of 20000 utterances
Completed 15000 of 20000 utterances
Completed 15500 of 20000 utterances
Completed 16000 of 20000 utterances
Completed 16500 of 20000 utterances
Completed 17000 of 20000 utterances
Completed 17500 of 20000 utterances
Completed 18000 of 20000 utterances
Completed 18500 of 20000 utterances
Completed 19000 of 20000 utterances
Completed 19500 of 20000 utterances
Completed 20000 of 20000 utterances
Completed 500 of 5000 utterances
Completed 1000 of 5000 utterances
Completed 1500 of 5000 utterances
Completed 2000 of 5000 utterances
Completed 2500 of 5000 utterances
Completed 3000 of 5000 utterances
Completed 3500 of 5000 utterances
Completed 4000 of 5000 utterances
Completed 4500 of 5000 utterances
Completed 5000 of 5000 utterances
Completed 500 of 3000 utterances
Completed 1000 of 3000 utterances
Completed 1500 of 3000 utterances
Completed 2000 of 3000 utterances
Completed 2500 of 3000 utterances
Completed 3000 of 3000 utterances
# Accounting: time=8545 threads=1
# Ended (code 0) at Mon Jan 19 20:12:06 JST 2026, elapsed time 8545 seconds
